// Jest Snapshot v1, https://goo.gl/fbAQLP

exports[`<AppRoot /> should render without crashing 1`] = `ShallowWrapper {}`;
