// Jest Snapshot v1, https://goo.gl/fbAQLP

exports[`<AppHeader /> should render without crashing 1`] = `ShallowWrapper {}`;
